<!DOCTYPE html>
<html>
  
  <head>
    
    <title>The title is generated from Python! And more text. "abc
    </title>
  </head>
  <body class="ohea rtns">
    
      The span around this always gets stripped.
    
    <span class="foo" id="bar">
      Content in a span only if foo was not defined.
    </span>
    This is a literal dolars sign before
    <tt>not_a_var</tt>: <tt>$not_a_var</tt>
    
      100
    
    <ul>
      
        
          <li>0 is divisible by 3</li>
        
      
        
          <li class="not-div-3">
            1 is not divisible by 3,
            
          </li>
        
      
        
          <li class="not-div-3">
            2 is not divisible by 3,
            <span>
              but it is divisible by 2!
            </span>
          </li>
        
      
        
          <li>3 is divisible by 3</li>
        
      
        
          <li class="not-div-3">
            4 is not divisible by 3,
            <span>
              but it is divisible by 2!
            </span><span>
              but it is divisible by 4!
            </span>
          </li>
        
      
        
          <li class="not-div-3">
            5 is not divisible by 3,
            <span>
              but it is divisible by 5!
            </span>
          </li>
        
      
        
          <li>6 is divisible by 3</li>
        
      
        
          <li class="not-div-3">
            7 is not divisible by 3,
            <span>
              but it is divisible by 7!
            </span>
          </li>
        
      
        
          <li class="not-div-3">
            8 is not divisible by 3,
            <span>
              but it is divisible by 2!
            </span><span>
              but it is divisible by 4!
            </span><span>
              but it is divisible by 8!
            </span>
          </li>
        
      
        
          <li>9 is divisible by 3</li>
        
      
    </ul>
    
    <pre>(</pre><pre>)</pre><pre>*</pre><pre>+</pre><pre>,</pre><pre>-</pre><pre>.</pre><pre>/</pre><pre>0</pre><pre>1</pre><pre>2</pre><pre>3</pre><pre>4</pre><pre>5</pre><pre>6</pre><pre>7</pre><pre>8</pre><pre>9</pre><pre>:</pre><pre>;</pre><pre><</pre><pre>=</pre><pre>></pre><pre>?</pre><pre>@</pre><pre>A</pre><pre>B</pre><pre>C</pre><pre>D</pre><pre>E</pre><pre>F</pre><pre>G</pre><pre>H</pre><pre>I</pre><pre>J</pre><pre>K</pre><pre>L</pre><pre>M</pre><pre>N</pre><pre>O</pre><pre>P</pre><pre>Q</pre><pre>R</pre><pre>S</pre><pre>T</pre><pre>U</pre><pre>V</pre><pre>W</pre><pre>X</pre><pre>Y</pre><pre>Z</pre><pre>[</pre><pre>\</pre><pre>]</pre><pre>^</pre><pre>_</pre><pre>`</pre><pre>a</pre><pre>b</pre><pre>c</pre><pre>d</pre><pre>e</pre><pre>f</pre><pre>g</pre><pre>h</pre><pre>i</pre><pre>j</pre><pre>k</pre><pre>l</pre><pre>m</pre><pre>n</pre><pre>o</pre><pre>p</pre><pre>q</pre><pre>r</pre><pre>s</pre><pre>t</pre><pre>u</pre><pre>v</pre><pre>w</pre><pre>x</pre><pre>y</pre>
    1234567890123456789012345678901234567890
    somevar is not set

    1234&amp;

    




















































































































































































































































    <ul>
      
        
      
          <li>1 is not a friend of 3</li>
        
    
      
        
      
          <li>2 aspires to be a number that divides by 3</li>
        
    
      
        
      
          <li>3 divides by 3</li>
        
    
      
        
      
          <li>4 is not a friend of 3</li>
        
    
      
        
      
          <li>5 aspires to be a number that divides by 3</li>
        
    
      
        
      
          <li>6 divides by 3</li>
        
    
      
        
      
          <li>7 is not a friend of 3</li>
        
    
      
        
      
          <li>8 aspires to be a number that divides by 3</li>
        
    
      
        
      
          <li>9 divides by 3</li>
        
    
      
        
      
          <li>10 is not a friend of 3</li>
        
    
      
        
      
          <li>11 aspires to be a number that divides by 3</li>
        
    
      
        
      
          <li>12 divides by 3</li>
        
    
      
        
      
          <li>13 is not a friend of 3</li>
        
    
      
        
      
          <li>14 aspires to be a number that divides by 3</li>
        
    
      
        
      
          <li>15 divides by 3</li>
        
    
      
        
      
          <li>16 is not a friend of 3</li>
        
    
      
        
      
          <li>17 aspires to be a number that divides by 3</li>
        
    
      
        
      
          <li>18 divides by 3</li>
        
    
      
        
      
          <li>19 is not a friend of 3</li>
        
    
      
        
      
          <li>20 aspires to be a number that divides by 3</li>
        
    
      
        
      
          <li>21 divides by 3</li>
        
    
      
        
      
          <li>22 is not a friend of 3</li>
        
    
      
        
      
          <li>23 aspires to be a number that divides by 3</li>
        
    
      
        
      
          <li>24 divides by 3</li>
        
    
      
        
      
          <li>25 is not a friend of 3</li>
        
    
      
        
      
          <li>26 aspires to be a number that divides by 3</li>
        
    
      
        
      
          <li>27 divides by 3</li>
        
    
      
        
      
          <li>28 is not a friend of 3</li>
        
    
      
        
      
          <li>29 aspires to be a number that divides by 3</li>
        
    
      
        
      
          <li>30 divides by 3</li>
        
    
      
        
      
          <li>31 is not a friend of 3</li>
        
    
      
        
      
          <li>32 aspires to be a number that divides by 3</li>
        
    
      
        
      
          <li>33 divides by 3</li>
        
    
      
        
      
          <li>34 is not a friend of 3</li>
        
    
      
        
      
          <li>35 aspires to be a number that divides by 3</li>
        
    
      
        
      
          <li>36 divides by 3</li>
        
    
      
        
      
          <li>37 is not a friend of 3</li>
        
    
      
        
      
          <li>38 aspires to be a number that divides by 3</li>
        
    
      
        
      
          <li>39 divides by 3</li>
        
    
      
        
      
          <li>40 is not a friend of 3</li>
        
    
      
        
      
          <li>41 aspires to be a number that divides by 3</li>
        
    
      
        
      
          <li>42 divides by 3</li>
        
    
      
        
      
          <li>43 is not a friend of 3</li>
        
    
      
        
      
          <li>44 aspires to be a number that divides by 3</li>
        
    
      
        
      
          <li>45 divides by 3</li>
        
    
      
        
      
          <li>46 is not a friend of 3</li>
        
    
      
        
      
          <li>47 aspires to be a number that divides by 3</li>
        
    
      
        
      
          <li>48 divides by 3</li>
        
    
      
        
      
          <li>49 is not a friend of 3</li>
        
    
      
        
      
          <li>50 aspires to be a number that divides by 3</li>
        
    
      
        
      
          <li>51 divides by 3</li>
        
    
      
        
      
          <li>52 is not a friend of 3</li>
        
    
      
        
      
          <li>53 aspires to be a number that divides by 3</li>
        
    
      
        
      
          <li>54 divides by 3</li>
        
    
      
        
      
          <li>55 is not a friend of 3</li>
        
    
      
        
      
          <li>56 aspires to be a number that divides by 3</li>
        
    
      
        
      
          <li>57 divides by 3</li>
        
    
      
        
      
          <li>58 is not a friend of 3</li>
        
    
      
        
      
          <li>59 aspires to be a number that divides by 3</li>
        
    
      
        
      
          <li>60 divides by 3</li>
        
    
      
        
      
          <li>61 is not a friend of 3</li>
        
    
      
        
      
          <li>62 aspires to be a number that divides by 3</li>
        
    
      
        
      
          <li>63 divides by 3</li>
        
    
      
        
      
          <li>64 is not a friend of 3</li>
        
    
      
        
      
          <li>65 aspires to be a number that divides by 3</li>
        
    
      
        
      
          <li>66 divides by 3</li>
        
    
      
        
      
          <li>67 is not a friend of 3</li>
        
    
      
        
      
          <li>68 aspires to be a number that divides by 3</li>
        
    
      
        
      
          <li>69 divides by 3</li>
        
    
      
        
      
          <li>70 is not a friend of 3</li>
        
    
      
        
      
          <li>71 aspires to be a number that divides by 3</li>
        
    
      
        
      
          <li>72 divides by 3</li>
        
    
      
        
      
          <li>73 is not a friend of 3</li>
        
    
      
        
      
          <li>74 aspires to be a number that divides by 3</li>
        
    
      
        
      
          <li>75 divides by 3</li>
        
    
      
        
      
          <li>76 is not a friend of 3</li>
        
    
      
        
      
          <li>77 aspires to be a number that divides by 3</li>
        
    
      
        
      
          <li>78 divides by 3</li>
        
    
      
        
      
          <li>79 is not a friend of 3</li>
        
    
      
        
      
          <li>80 aspires to be a number that divides by 3</li>
        
    
      
        
      
          <li>81 divides by 3</li>
        
    
      
        
      
          <li>82 is not a friend of 3</li>
        
    
      
        
      
          <li>83 aspires to be a number that divides by 3</li>
        
    
      
        
      
          <li>84 divides by 3</li>
        
    
      
        
      
          <li>85 is not a friend of 3</li>
        
    
      
        
      
          <li>86 aspires to be a number that divides by 3</li>
        
    
      
        
      
          <li>87 divides by 3</li>
        
    
      
        
      
          <li>88 is not a friend of 3</li>
        
    
      
        
      
          <li>89 aspires to be a number that divides by 3</li>
        
    
      
        
      
          <li>90 divides by 3</li>
        
    
      
        
      
          <li>91 is not a friend of 3</li>
        
    
      
        
      
          <li>92 aspires to be a number that divides by 3</li>
        
    
      
        
      
          <li>93 divides by 3</li>
        
    
      
        
      
          <li>94 is not a friend of 3</li>
        
    
      
        
      
          <li>95 aspires to be a number that divides by 3</li>
        
    
      
        
      
          <li>96 divides by 3</li>
        
    
      
        
      
          <li>97 is not a friend of 3</li>
        
    
      
        
      
          <li>98 aspires to be a number that divides by 3</li>
        
    
      
        
      
          <li>99 divides by 3</li>
        
    
      
    </ul>
    
  </body>
</html>